Analysis & Synthesis report for PointsFSM
Mon Jun 13 17:21:11 2022
Quartus Prime Version 20.1.1 Build 720 11/11/2020 SJ Lite Edition


---------------------
; Table of Contents ;
---------------------
  1. Legal Notice
  2. Analysis & Synthesis Summary
  3. Analysis & Synthesis Settings
  4. Parallel Compilation
  5. Analysis & Synthesis Source Files Read
  6. Analysis & Synthesis Resource Usage Summary
  7. Analysis & Synthesis Resource Utilization by Entity
  8. State Machine - |JogoNormal|PointsFSM:PointsFSM|current_state
  9. Registers Removed During Synthesis
 10. Removed Registers Triggering Further Register Optimizations
 11. General Register Statistics
 12. Parameter Settings for User Entity Instance: DebounceUnit:debounce_KEYB
 13. Parameter Settings for User Entity Instance: DebounceUnit:debounce_KEYA
 14. Post-Synthesis Netlist Statistics for Top Partition
 15. Elapsed Time Per Partition
 16. Analysis & Synthesis Messages



----------------
; Legal Notice ;
----------------
Copyright (C) 2020  Intel Corporation. All rights reserved.
Your use of Intel Corporation's design tools, logic functions 
and other software and tools, and any partner logic 
functions, and any output files from any of the foregoing 
(including device programming or simulation files), and any 
associated documentation or information are expressly subject 
to the terms and conditions of the Intel Program License 
Subscription Agreement, the Intel Quartus Prime License Agreement,
the Intel FPGA IP License Agreement, or other applicable license
agreement, including, without limitation, that your use is for
the sole purpose of programming logic devices manufactured by
Intel and sold by Intel or its authorized distributors.  Please
refer to the applicable agreement for further details, at
https://fpgasoftware.intel.com/eula.



+----------------------------------------------------------------------------------+
; Analysis & Synthesis Summary                                                     ;
+------------------------------------+---------------------------------------------+
; Analysis & Synthesis Status        ; Successful - Mon Jun 13 17:21:11 2022       ;
; Quartus Prime Version              ; 20.1.1 Build 720 11/11/2020 SJ Lite Edition ;
; Revision Name                      ; PointsFSM                                   ;
; Top-level Entity Name              ; JogoNormal                                  ;
; Family                             ; Cyclone IV E                                ;
; Total logic elements               ; 0                                           ;
;     Total combinational functions  ; 0                                           ;
;     Dedicated logic registers      ; 0                                           ;
; Total registers                    ; 0                                           ;
; Total pins                         ; 48                                          ;
; Total virtual pins                 ; 0                                           ;
; Total memory bits                  ; 0                                           ;
; Embedded Multiplier 9-bit elements ; 0                                           ;
; Total PLLs                         ; 0                                           ;
+------------------------------------+---------------------------------------------+


+------------------------------------------------------------------------------------------------------------+
; Analysis & Synthesis Settings                                                                              ;
+------------------------------------------------------------------+--------------------+--------------------+
; Option                                                           ; Setting            ; Default Value      ;
+------------------------------------------------------------------+--------------------+--------------------+
; Device                                                           ; EP4CE115F29C7      ;                    ;
; Top-level entity name                                            ; JogoNormal         ; PointsFSM          ;
; Family name                                                      ; Cyclone IV E       ; Cyclone V          ;
; Use smart compilation                                            ; Off                ; Off                ;
; Enable parallel Assembler and Timing Analyzer during compilation ; On                 ; On                 ;
; Enable compact report table                                      ; Off                ; Off                ;
; Restructure Multiplexers                                         ; Auto               ; Auto               ;
; Create Debugging Nodes for IP Cores                              ; Off                ; Off                ;
; Preserve fewer node names                                        ; On                 ; On                 ;
; Intel FPGA IP Evaluation Mode                                    ; Enable             ; Enable             ;
; Verilog Version                                                  ; Verilog_2001       ; Verilog_2001       ;
; VHDL Version                                                     ; VHDL_1993          ; VHDL_1993          ;
; State Machine Processing                                         ; Auto               ; Auto               ;
; Safe State Machine                                               ; Off                ; Off                ;
; Extract Verilog State Machines                                   ; On                 ; On                 ;
; Extract VHDL State Machines                                      ; On                 ; On                 ;
; Ignore Verilog initial constructs                                ; Off                ; Off                ;
; Iteration limit for constant Verilog loops                       ; 5000               ; 5000               ;
; Iteration limit for non-constant Verilog loops                   ; 250                ; 250                ;
; Add Pass-Through Logic to Inferred RAMs                          ; On                 ; On                 ;
; Infer RAMs from Raw Logic                                        ; On                 ; On                 ;
; Parallel Synthesis                                               ; On                 ; On                 ;
; DSP Block Balancing                                              ; Auto               ; Auto               ;
; NOT Gate Push-Back                                               ; On                 ; On                 ;
; Power-Up Don't Care                                              ; On                 ; On                 ;
; Remove Redundant Logic Cells                                     ; Off                ; Off                ;
; Remove Duplicate Registers                                       ; On                 ; On                 ;
; Ignore CARRY Buffers                                             ; Off                ; Off                ;
; Ignore CASCADE Buffers                                           ; Off                ; Off                ;
; Ignore GLOBAL Buffers                                            ; Off                ; Off                ;
; Ignore ROW GLOBAL Buffers                                        ; Off                ; Off                ;
; Ignore LCELL Buffers                                             ; Off                ; Off                ;
; Ignore SOFT Buffers                                              ; On                 ; On                 ;
; Limit AHDL Integers to 32 Bits                                   ; Off                ; Off                ;
; Optimization Technique                                           ; Balanced           ; Balanced           ;
; Carry Chain Length                                               ; 70                 ; 70                 ;
; Auto Carry Chains                                                ; On                 ; On                 ;
; Auto Open-Drain Pins                                             ; On                 ; On                 ;
; Perform WYSIWYG Primitive Resynthesis                            ; Off                ; Off                ;
; Auto ROM Replacement                                             ; On                 ; On                 ;
; Auto RAM Replacement                                             ; On                 ; On                 ;
; Auto DSP Block Replacement                                       ; On                 ; On                 ;
; Auto Shift Register Replacement                                  ; Auto               ; Auto               ;
; Allow Shift Register Merging across Hierarchies                  ; Auto               ; Auto               ;
; Auto Clock Enable Replacement                                    ; On                 ; On                 ;
; Strict RAM Replacement                                           ; Off                ; Off                ;
; Allow Synchronous Control Signals                                ; On                 ; On                 ;
; Force Use of Synchronous Clear Signals                           ; Off                ; Off                ;
; Auto RAM Block Balancing                                         ; On                 ; On                 ;
; Auto RAM to Logic Cell Conversion                                ; Off                ; Off                ;
; Auto Resource Sharing                                            ; Off                ; Off                ;
; Allow Any RAM Size For Recognition                               ; Off                ; Off                ;
; Allow Any ROM Size For Recognition                               ; Off                ; Off                ;
; Allow Any Shift Register Size For Recognition                    ; Off                ; Off                ;
; Use LogicLock Constraints during Resource Balancing              ; On                 ; On                 ;
; Ignore translate_off and synthesis_off directives                ; Off                ; Off                ;
; Timing-Driven Synthesis                                          ; On                 ; On                 ;
; Report Parameter Settings                                        ; On                 ; On                 ;
; Report Source Assignments                                        ; On                 ; On                 ;
; Report Connectivity Checks                                       ; On                 ; On                 ;
; Ignore Maximum Fan-Out Assignments                               ; Off                ; Off                ;
; Synchronization Register Chain Length                            ; 2                  ; 2                  ;
; Power Optimization During Synthesis                              ; Normal compilation ; Normal compilation ;
; HDL message level                                                ; Level2             ; Level2             ;
; Suppress Register Optimization Related Messages                  ; Off                ; Off                ;
; Number of Removed Registers Reported in Synthesis Report         ; 5000               ; 5000               ;
; Number of Swept Nodes Reported in Synthesis Report               ; 5000               ; 5000               ;
; Number of Inverted Registers Reported in Synthesis Report        ; 100                ; 100                ;
; Clock MUX Protection                                             ; On                 ; On                 ;
; Auto Gated Clock Conversion                                      ; Off                ; Off                ;
; Block Design Naming                                              ; Auto               ; Auto               ;
; SDC constraint protection                                        ; Off                ; Off                ;
; Synthesis Effort                                                 ; Auto               ; Auto               ;
; Shift Register Replacement - Allow Asynchronous Clear Signal     ; On                 ; On                 ;
; Pre-Mapping Resynthesis Optimization                             ; Off                ; Off                ;
; Analysis & Synthesis Message Level                               ; Medium             ; Medium             ;
; Disable Register Merging Across Hierarchies                      ; Auto               ; Auto               ;
; Resource Aware Inference For Block RAM                           ; On                 ; On                 ;
+------------------------------------------------------------------+--------------------+--------------------+


+------------------------------------------+
; Parallel Compilation                     ;
+----------------------------+-------------+
; Processors                 ; Number      ;
+----------------------------+-------------+
; Number detected on machine ; 16          ;
; Maximum allowed            ; 16          ;
;                            ;             ;
; Average used               ; 1.00        ;
; Maximum used               ; 1           ;
;                            ;             ;
; Usage by Processor         ; % Time Used ;
;     Processor 1            ; 100.0%      ;
+----------------------------+-------------+


+-------------------------------------------------------------------------------------------------------------------------------------------------------------------------------------------------+
; Analysis & Synthesis Source Files Read                                                                                                                                                          ;
+------------------------------------+-----------------+-----------------+--------------------------------------------------------------------------------------------------------------+---------+
; File Name with User-Entered Path   ; Used in Netlist ; File Type       ; File Name with Absolute Path                                                                                 ; Library ;
+------------------------------------+-----------------+-----------------+--------------------------------------------------------------------------------------------------------------+---------+
; PointsFSM.vhd                      ; yes             ; User VHDL File  ; C:/Users/Tiago Fonseca/OneDrive - Universidade de Aveiro/Desktop/Tiago/LSD/Projeto/JogoNormal/PointsFSM.vhd  ;         ;
; CounterUp2.vhd                     ; yes             ; User VHDL File  ; C:/Users/Tiago Fonseca/OneDrive - Universidade de Aveiro/Desktop/Tiago/LSD/Projeto/JogoNormal/CounterUp2.vhd ;         ;
; JogoNormal.vhd                     ; yes             ; User VHDL File  ; C:/Users/Tiago Fonseca/OneDrive - Universidade de Aveiro/Desktop/Tiago/LSD/Projeto/JogoNormal/JogoNormal.vhd ;         ;
; ../../../../Fase1/DebounceUnit.vhd ; yes             ; User VHDL File  ; C:/Users/Tiago Fonseca/OneDrive - Universidade de Aveiro/Desktop/Fase1/DebounceUnit.vhd                      ;         ;
+------------------------------------+-----------------+-----------------+--------------------------------------------------------------------------------------------------------------+---------+


+------------------------------------------------------+
; Analysis & Synthesis Resource Usage Summary          ;
+---------------------------------------------+--------+
; Resource                                    ; Usage  ;
+---------------------------------------------+--------+
;                                             ;        ;
; Total combinational functions               ; 0      ;
; Logic element usage by number of LUT inputs ;        ;
;     -- 4 input functions                    ; 0      ;
;     -- 3 input functions                    ; 0      ;
;     -- <=2 input functions                  ; 0      ;
;                                             ;        ;
; Logic elements by mode                      ;        ;
;     -- normal mode                          ; 0      ;
;     -- arithmetic mode                      ; 0      ;
;                                             ;        ;
; Total registers                             ; 0      ;
;     -- Dedicated logic registers            ; 0      ;
;     -- I/O registers                        ; 0      ;
;                                             ;        ;
; I/O pins                                    ; 48     ;
;                                             ;        ;
; Embedded Multiplier 9-bit elements          ; 0      ;
;                                             ;        ;
; Maximum fan-out node                        ; KEY[0] ;
; Maximum fan-out                             ; 1      ;
; Total fan-out                               ; 48     ;
; Average fan-out                             ; 0.50   ;
+---------------------------------------------+--------+


+----------------------------------------------------------------------------------------------------------------------------------------------------------------------------------------------------------+
; Analysis & Synthesis Resource Utilization by Entity                                                                                                                                                      ;
+----------------------------+---------------------+---------------------------+-------------+--------------+---------+-----------+------+--------------+---------------------+-------------+--------------+
; Compilation Hierarchy Node ; Combinational ALUTs ; Dedicated Logic Registers ; Memory Bits ; DSP Elements ; DSP 9x9 ; DSP 18x18 ; Pins ; Virtual Pins ; Full Hierarchy Name ; Entity Name ; Library Name ;
+----------------------------+---------------------+---------------------------+-------------+--------------+---------+-----------+------+--------------+---------------------+-------------+--------------+
; |JogoNormal                ; 0 (0)               ; 0 (0)                     ; 0           ; 0            ; 0       ; 0         ; 48   ; 0            ; |JogoNormal         ; JogoNormal  ; work         ;
+----------------------------+---------------------+---------------------------+-------------+--------------+---------+-----------+------+--------------+---------------------+-------------+--------------+
Note: For table entries with two numbers listed, the numbers in parentheses indicate the number of resources of the given type used by the specific entity alone. The numbers listed outside of parentheses indicate the total resources of the given type used by the specific entity and all of its sub-entities in the hierarchy.


Encoding Type:  One-Hot
+---------------------------------------------------------------------------+
; State Machine - |JogoNormal|PointsFSM:PointsFSM|current_state             ;
+------------------+------------------+------------------+------------------+
; Name             ; current_state.S2 ; current_state.S1 ; current_state.S0 ;
+------------------+------------------+------------------+------------------+
; current_state.S0 ; 0                ; 0                ; 0                ;
; current_state.S1 ; 0                ; 1                ; 1                ;
; current_state.S2 ; 1                ; 0                ; 1                ;
+------------------+------------------+------------------+------------------+


+----------------------------------------------------------------------------------------+
; Registers Removed During Synthesis                                                     ;
+-------------------------------------------------+--------------------------------------+
; Register name                                   ; Reason for Removal                   ;
+-------------------------------------------------+--------------------------------------+
; CounterUp2:CounterUp2|s_countB[0..2]            ; Stuck at GND due to stuck port clock ;
; CounterUp2:CounterUp2|s_countA[0..2]            ; Stuck at GND due to stuck port clock ;
; DebounceUnit:debounce_KEYA|s_pulsedOut          ; Lost fanout                          ;
; DebounceUnit:debounce_KEYA|s_previousIn         ; Lost fanout                          ;
; DebounceUnit:debounce_KEYA|s_debounceCnt[0..21] ; Lost fanout                          ;
; DebounceUnit:debounce_KEYA|s_dirtyIn            ; Lost fanout                          ;
; DebounceUnit:debounce_KEYB|s_pulsedOut          ; Lost fanout                          ;
; DebounceUnit:debounce_KEYB|s_previousIn         ; Lost fanout                          ;
; DebounceUnit:debounce_KEYB|s_debounceCnt[0..21] ; Lost fanout                          ;
; DebounceUnit:debounce_KEYB|s_dirtyIn            ; Lost fanout                          ;
; PointsFSM:PointsFSM|current_state.S0            ; Stuck at GND due to stuck port clock ;
; PointsFSM:PointsFSM|current_state.S1            ; Stuck at GND due to stuck port clock ;
; PointsFSM:PointsFSM|current_state.S2            ; Stuck at GND due to stuck port clock ;
; Total Number of Removed Registers = 59          ;                                      ;
+-------------------------------------------------+--------------------------------------+


+--------------------------------------------------------------------------------------------------------------------------------------------------+
; Removed Registers Triggering Further Register Optimizations                                                                                      ;
+-----------------------------------+-------------------------+------------------------------------------------------------------------------------+
; Register name                     ; Reason for Removal      ; Registers Removed due to This Register                                             ;
+-----------------------------------+-------------------------+------------------------------------------------------------------------------------+
; CounterUp2:CounterUp2|s_countB[2] ; Stuck at GND            ; DebounceUnit:debounce_KEYA|s_pulsedOut, DebounceUnit:debounce_KEYA|s_previousIn,   ;
;                                   ; due to stuck port clock ; DebounceUnit:debounce_KEYA|s_debounceCnt[0],                                       ;
;                                   ;                         ; DebounceUnit:debounce_KEYA|s_debounceCnt[1],                                       ;
;                                   ;                         ; DebounceUnit:debounce_KEYA|s_debounceCnt[2],                                       ;
;                                   ;                         ; DebounceUnit:debounce_KEYA|s_debounceCnt[3],                                       ;
;                                   ;                         ; DebounceUnit:debounce_KEYA|s_debounceCnt[4], DebounceUnit:debounce_KEYA|s_dirtyIn, ;
;                                   ;                         ; DebounceUnit:debounce_KEYB|s_pulsedOut, DebounceUnit:debounce_KEYB|s_previousIn,   ;
;                                   ;                         ; DebounceUnit:debounce_KEYB|s_debounceCnt[0],                                       ;
;                                   ;                         ; DebounceUnit:debounce_KEYB|s_debounceCnt[1],                                       ;
;                                   ;                         ; DebounceUnit:debounce_KEYB|s_debounceCnt[2],                                       ;
;                                   ;                         ; DebounceUnit:debounce_KEYB|s_debounceCnt[3],                                       ;
;                                   ;                         ; DebounceUnit:debounce_KEYB|s_debounceCnt[4], DebounceUnit:debounce_KEYB|s_dirtyIn, ;
;                                   ;                         ; PointsFSM:PointsFSM|current_state.S0, PointsFSM:PointsFSM|current_state.S1,        ;
;                                   ;                         ; PointsFSM:PointsFSM|current_state.S2                                               ;
+-----------------------------------+-------------------------+------------------------------------------------------------------------------------+


+------------------------------------------------------+
; General Register Statistics                          ;
+----------------------------------------------+-------+
; Statistic                                    ; Value ;
+----------------------------------------------+-------+
; Total registers                              ; 0     ;
; Number of registers using Synchronous Clear  ; 0     ;
; Number of registers using Synchronous Load   ; 0     ;
; Number of registers using Asynchronous Clear ; 0     ;
; Number of registers using Asynchronous Load  ; 0     ;
; Number of registers using Clock Enable       ; 0     ;
; Number of registers using Preset             ; 0     ;
+----------------------------------------------+-------+


+-------------------------------------------------------------------------+
; Parameter Settings for User Entity Instance: DebounceUnit:debounce_KEYB ;
+----------------+-------+------------------------------------------------+
; Parameter Name ; Value ; Type                                           ;
+----------------+-------+------------------------------------------------+
; khzclkfreq     ; 50000 ; Signed Integer                                 ;
; msecmininwidth ; 50    ; Signed Integer                                 ;
; inpolarity     ; '0'   ; Enumerated                                     ;
; outpolarity    ; '1'   ; Enumerated                                     ;
+----------------+-------+------------------------------------------------+
Note: In order to hide this table in the UI and the text report file, please set the "Show Parameter Settings in Synthesis Report" option in "Analysis and Synthesis Settings -> More Settings" to "Off".


+-------------------------------------------------------------------------+
; Parameter Settings for User Entity Instance: DebounceUnit:debounce_KEYA ;
+----------------+-------+------------------------------------------------+
; Parameter Name ; Value ; Type                                           ;
+----------------+-------+------------------------------------------------+
; khzclkfreq     ; 50000 ; Signed Integer                                 ;
; msecmininwidth ; 50    ; Signed Integer                                 ;
; inpolarity     ; '0'   ; Enumerated                                     ;
; outpolarity    ; '1'   ; Enumerated                                     ;
+----------------+-------+------------------------------------------------+
Note: In order to hide this table in the UI and the text report file, please set the "Show Parameter Settings in Synthesis Report" option in "Analysis and Synthesis Settings -> More Settings" to "Off".


+-----------------------------------------------------+
; Post-Synthesis Netlist Statistics for Top Partition ;
+-----------------------+-----------------------------+
; Type                  ; Count                       ;
+-----------------------+-----------------------------+
; boundary_port         ; 48                          ;
; cycloneiii_lcell_comb ; 2                           ;
;     normal            ; 2                           ;
;         0 data inputs ; 2                           ;
;                       ;                             ;
; Max LUT depth         ; 0.00                        ;
; Average LUT depth     ; 0.00                        ;
+-----------------------+-----------------------------+


+-------------------------------+
; Elapsed Time Per Partition    ;
+----------------+--------------+
; Partition Name ; Elapsed Time ;
+----------------+--------------+
; Top            ; 00:00:00     ;
+----------------+--------------+


+-------------------------------+
; Analysis & Synthesis Messages ;
+-------------------------------+
Info: *******************************************************************
Info: Running Quartus Prime Analysis & Synthesis
    Info: Version 20.1.1 Build 720 11/11/2020 SJ Lite Edition
    Info: Processing started: Mon Jun 13 17:21:05 2022
Info: Command: quartus_map --read_settings_files=on --write_settings_files=off PointsFSM -c PointsFSM
Warning (18236): Number of processors has not been specified which may cause overloading on shared machines.  Set the global assignment NUM_PARALLEL_PROCESSORS in your QSF to an appropriate value for best performance.
Info (20030): Parallel compilation is enabled and will use 16 of the 16 processors detected
Info (12021): Found 2 design units, including 1 entities, in source file pointsfsm.vhd
    Info (12022): Found design unit 1: PointsFSM-MealyArch File: C:/Users/Tiago Fonseca/OneDrive - Universidade de Aveiro/Desktop/Tiago/LSD/Projeto/JogoNormal/PointsFSM.vhd Line: 18
    Info (12023): Found entity 1: PointsFSM File: C:/Users/Tiago Fonseca/OneDrive - Universidade de Aveiro/Desktop/Tiago/LSD/Projeto/JogoNormal/PointsFSM.vhd Line: 4
Info (12021): Found 2 design units, including 1 entities, in source file counterup2.vhd
    Info (12022): Found design unit 1: CounterUp2-Behavioral File: C:/Users/Tiago Fonseca/OneDrive - Universidade de Aveiro/Desktop/Tiago/LSD/Projeto/JogoNormal/CounterUp2.vhd Line: 14
    Info (12023): Found entity 1: CounterUp2 File: C:/Users/Tiago Fonseca/OneDrive - Universidade de Aveiro/Desktop/Tiago/LSD/Projeto/JogoNormal/CounterUp2.vhd Line: 5
Info (12021): Found 2 design units, including 1 entities, in source file jogonormal.vhd
    Info (12022): Found design unit 1: JogoNormal-Behavioral File: C:/Users/Tiago Fonseca/OneDrive - Universidade de Aveiro/Desktop/Tiago/LSD/Projeto/JogoNormal/JogoNormal.vhd Line: 18
    Info (12023): Found entity 1: JogoNormal File: C:/Users/Tiago Fonseca/OneDrive - Universidade de Aveiro/Desktop/Tiago/LSD/Projeto/JogoNormal/JogoNormal.vhd Line: 4
Warning (12090): Entity "FreqDiv" obtained from "../../Guiao9/Parte1/FreqDiv.vhd" instead of from Quartus Prime megafunction library File: C:/Users/Tiago Fonseca/OneDrive - Universidade de Aveiro/Desktop/Tiago/LSD/Guiao9/Parte1/FreqDiv.vhd Line: 4
Info (12021): Found 2 design units, including 1 entities, in source file /users/tiago fonseca/onedrive - universidade de aveiro/desktop/tiago/lsd/guiao9/parte1/freqdiv.vhd
    Info (12022): Found design unit 1: FreqDiv-Behavioral File: C:/Users/Tiago Fonseca/OneDrive - Universidade de Aveiro/Desktop/Tiago/LSD/Guiao9/Parte1/FreqDiv.vhd Line: 11
    Info (12023): Found entity 1: FreqDiv File: C:/Users/Tiago Fonseca/OneDrive - Universidade de Aveiro/Desktop/Tiago/LSD/Guiao9/Parte1/FreqDiv.vhd Line: 4
Info (12021): Found 2 design units, including 1 entities, in source file /users/tiago fonseca/onedrive - universidade de aveiro/desktop/fase1/debounceunit.vhd
    Info (12022): Found design unit 1: DebounceUnit-Behavioral File: C:/Users/Tiago Fonseca/OneDrive - Universidade de Aveiro/Desktop/Fase1/DebounceUnit.vhd Line: 15
    Info (12023): Found entity 1: DebounceUnit File: C:/Users/Tiago Fonseca/OneDrive - Universidade de Aveiro/Desktop/Fase1/DebounceUnit.vhd Line: 5
Info (12127): Elaborating entity "JogoNormal" for the top level hierarchy
Warning (10541): VHDL Signal Declaration warning at JogoNormal.vhd(22): used implicit default value for signal "s_clkOut" because signal was never assigned a value or an explicit default value. Use of implicit default value may introduce unintended design optimizations. File: C:/Users/Tiago Fonseca/OneDrive - Universidade de Aveiro/Desktop/Tiago/LSD/Projeto/JogoNormal/JogoNormal.vhd Line: 22
Info (12129): Elaborating entity "DebounceUnit" using architecture "A:behavioral" for hierarchy "DebounceUnit:debounce_KEYB" File: C:/Users/Tiago Fonseca/OneDrive - Universidade de Aveiro/Desktop/Tiago/LSD/Projeto/JogoNormal/JogoNormal.vhd Line: 27
Info (12129): Elaborating entity "CounterUp2" using architecture "A:behavioral" for hierarchy "CounterUp2:CounterUp2" File: C:/Users/Tiago Fonseca/OneDrive - Universidade de Aveiro/Desktop/Tiago/LSD/Projeto/JogoNormal/JogoNormal.vhd Line: 45
Warning (10492): VHDL Process Statement warning at CounterUp2.vhd(22): signal "clk" is read inside the Process Statement but isn't in the Process Statement's sensitivity list File: C:/Users/Tiago Fonseca/OneDrive - Universidade de Aveiro/Desktop/Tiago/LSD/Projeto/JogoNormal/CounterUp2.vhd Line: 22
Info (12129): Elaborating entity "PointsFSM" using architecture "A:mealyarch" for hierarchy "PointsFSM:PointsFSM" File: C:/Users/Tiago Fonseca/OneDrive - Universidade de Aveiro/Desktop/Tiago/LSD/Projeto/JogoNormal/JogoNormal.vhd Line: 53
Warning (10492): VHDL Process Statement warning at PointsFSM.vhd(54): signal "PointsA" is read inside the Process Statement but isn't in the Process Statement's sensitivity list File: C:/Users/Tiago Fonseca/OneDrive - Universidade de Aveiro/Desktop/Tiago/LSD/Projeto/JogoNormal/PointsFSM.vhd Line: 54
Warning (10492): VHDL Process Statement warning at PointsFSM.vhd(82): signal "PointsB" is read inside the Process Statement but isn't in the Process Statement's sensitivity list File: C:/Users/Tiago Fonseca/OneDrive - Universidade de Aveiro/Desktop/Tiago/LSD/Projeto/JogoNormal/PointsFSM.vhd Line: 82
Warning (10492): VHDL Process Statement warning at PointsFSM.vhd(109): signal "PointsA" is read inside the Process Statement but isn't in the Process Statement's sensitivity list File: C:/Users/Tiago Fonseca/OneDrive - Universidade de Aveiro/Desktop/Tiago/LSD/Projeto/JogoNormal/PointsFSM.vhd Line: 109
Warning (10492): VHDL Process Statement warning at PointsFSM.vhd(109): signal "PointsB" is read inside the Process Statement but isn't in the Process Statement's sensitivity list File: C:/Users/Tiago Fonseca/OneDrive - Universidade de Aveiro/Desktop/Tiago/LSD/Projeto/JogoNormal/PointsFSM.vhd Line: 109
Warning (10492): VHDL Process Statement warning at PointsFSM.vhd(112): signal "PointsA" is read inside the Process Statement but isn't in the Process Statement's sensitivity list File: C:/Users/Tiago Fonseca/OneDrive - Universidade de Aveiro/Desktop/Tiago/LSD/Projeto/JogoNormal/PointsFSM.vhd Line: 112
Warning (10492): VHDL Process Statement warning at PointsFSM.vhd(112): signal "PointsB" is read inside the Process Statement but isn't in the Process Statement's sensitivity list File: C:/Users/Tiago Fonseca/OneDrive - Universidade de Aveiro/Desktop/Tiago/LSD/Projeto/JogoNormal/PointsFSM.vhd Line: 112
Warning (10492): VHDL Process Statement warning at PointsFSM.vhd(116): signal "PointsB" is read inside the Process Statement but isn't in the Process Statement's sensitivity list File: C:/Users/Tiago Fonseca/OneDrive - Universidade de Aveiro/Desktop/Tiago/LSD/Projeto/JogoNormal/PointsFSM.vhd Line: 116
Warning (10492): VHDL Process Statement warning at PointsFSM.vhd(116): signal "PointsA" is read inside the Process Statement but isn't in the Process Statement's sensitivity list File: C:/Users/Tiago Fonseca/OneDrive - Universidade de Aveiro/Desktop/Tiago/LSD/Projeto/JogoNormal/PointsFSM.vhd Line: 116
Warning (10492): VHDL Process Statement warning at PointsFSM.vhd(129): signal "PointsA" is read inside the Process Statement but isn't in the Process Statement's sensitivity list File: C:/Users/Tiago Fonseca/OneDrive - Universidade de Aveiro/Desktop/Tiago/LSD/Projeto/JogoNormal/PointsFSM.vhd Line: 129
Warning (10492): VHDL Process Statement warning at PointsFSM.vhd(133): signal "PointsB" is read inside the Process Statement but isn't in the Process Statement's sensitivity list File: C:/Users/Tiago Fonseca/OneDrive - Universidade de Aveiro/Desktop/Tiago/LSD/Projeto/JogoNormal/PointsFSM.vhd Line: 133
Warning (10492): VHDL Process Statement warning at PointsFSM.vhd(143): signal "s_PointsA" is read inside the Process Statement but isn't in the Process Statement's sensitivity list File: C:/Users/Tiago Fonseca/OneDrive - Universidade de Aveiro/Desktop/Tiago/LSD/Projeto/JogoNormal/PointsFSM.vhd Line: 143
Warning (10492): VHDL Process Statement warning at PointsFSM.vhd(146): signal "s_PointsB" is read inside the Process Statement but isn't in the Process Statement's sensitivity list File: C:/Users/Tiago Fonseca/OneDrive - Universidade de Aveiro/Desktop/Tiago/LSD/Projeto/JogoNormal/PointsFSM.vhd Line: 146
Warning (10492): VHDL Process Statement warning at PointsFSM.vhd(152): signal "PointsA" is read inside the Process Statement but isn't in the Process Statement's sensitivity list File: C:/Users/Tiago Fonseca/OneDrive - Universidade de Aveiro/Desktop/Tiago/LSD/Projeto/JogoNormal/PointsFSM.vhd Line: 152
Warning (10492): VHDL Process Statement warning at PointsFSM.vhd(152): signal "s_PointsA" is read inside the Process Statement but isn't in the Process Statement's sensitivity list File: C:/Users/Tiago Fonseca/OneDrive - Universidade de Aveiro/Desktop/Tiago/LSD/Projeto/JogoNormal/PointsFSM.vhd Line: 152
Warning (10492): VHDL Process Statement warning at PointsFSM.vhd(156): signal "PointsB" is read inside the Process Statement but isn't in the Process Statement's sensitivity list File: C:/Users/Tiago Fonseca/OneDrive - Universidade de Aveiro/Desktop/Tiago/LSD/Projeto/JogoNormal/PointsFSM.vhd Line: 156
Warning (10492): VHDL Process Statement warning at PointsFSM.vhd(156): signal "s_PointsB" is read inside the Process Statement but isn't in the Process Statement's sensitivity list File: C:/Users/Tiago Fonseca/OneDrive - Universidade de Aveiro/Desktop/Tiago/LSD/Projeto/JogoNormal/PointsFSM.vhd Line: 156
Warning (10492): VHDL Process Statement warning at PointsFSM.vhd(160): signal "PointsA" is read inside the Process Statement but isn't in the Process Statement's sensitivity list File: C:/Users/Tiago Fonseca/OneDrive - Universidade de Aveiro/Desktop/Tiago/LSD/Projeto/JogoNormal/PointsFSM.vhd Line: 160
Warning (10492): VHDL Process Statement warning at PointsFSM.vhd(160): signal "s_PointsB" is read inside the Process Statement but isn't in the Process Statement's sensitivity list File: C:/Users/Tiago Fonseca/OneDrive - Universidade de Aveiro/Desktop/Tiago/LSD/Projeto/JogoNormal/PointsFSM.vhd Line: 160
Warning (10492): VHDL Process Statement warning at PointsFSM.vhd(163): signal "PointsB" is read inside the Process Statement but isn't in the Process Statement's sensitivity list File: C:/Users/Tiago Fonseca/OneDrive - Universidade de Aveiro/Desktop/Tiago/LSD/Projeto/JogoNormal/PointsFSM.vhd Line: 163
Warning (10492): VHDL Process Statement warning at PointsFSM.vhd(163): signal "s_PointsA" is read inside the Process Statement but isn't in the Process Statement's sensitivity list File: C:/Users/Tiago Fonseca/OneDrive - Universidade de Aveiro/Desktop/Tiago/LSD/Projeto/JogoNormal/PointsFSM.vhd Line: 163
Warning (10631): VHDL Process Statement warning at PointsFSM.vhd(37): inferring latch(es) for signal or variable "next_state", which holds its previous value in one or more paths through the process File: C:/Users/Tiago Fonseca/OneDrive - Universidade de Aveiro/Desktop/Tiago/LSD/Projeto/JogoNormal/PointsFSM.vhd Line: 37
Warning (10631): VHDL Process Statement warning at PointsFSM.vhd(37): inferring latch(es) for signal or variable "s_PointsA", which holds its previous value in one or more paths through the process File: C:/Users/Tiago Fonseca/OneDrive - Universidade de Aveiro/Desktop/Tiago/LSD/Projeto/JogoNormal/PointsFSM.vhd Line: 37
Warning (10631): VHDL Process Statement warning at PointsFSM.vhd(37): inferring latch(es) for signal or variable "s_PointsB", which holds its previous value in one or more paths through the process File: C:/Users/Tiago Fonseca/OneDrive - Universidade de Aveiro/Desktop/Tiago/LSD/Projeto/JogoNormal/PointsFSM.vhd Line: 37
Info (10041): Inferred latch for "s_PointsB" at PointsFSM.vhd(37) File: C:/Users/Tiago Fonseca/OneDrive - Universidade de Aveiro/Desktop/Tiago/LSD/Projeto/JogoNormal/PointsFSM.vhd Line: 37
Info (10041): Inferred latch for "s_PointsA" at PointsFSM.vhd(37) File: C:/Users/Tiago Fonseca/OneDrive - Universidade de Aveiro/Desktop/Tiago/LSD/Projeto/JogoNormal/PointsFSM.vhd Line: 37
Info (10041): Inferred latch for "next_state.S2" at PointsFSM.vhd(37) File: C:/Users/Tiago Fonseca/OneDrive - Universidade de Aveiro/Desktop/Tiago/LSD/Projeto/JogoNormal/PointsFSM.vhd Line: 37
Info (10041): Inferred latch for "next_state.S1" at PointsFSM.vhd(37) File: C:/Users/Tiago Fonseca/OneDrive - Universidade de Aveiro/Desktop/Tiago/LSD/Projeto/JogoNormal/PointsFSM.vhd Line: 37
Info (10041): Inferred latch for "next_state.S0" at PointsFSM.vhd(37) File: C:/Users/Tiago Fonseca/OneDrive - Universidade de Aveiro/Desktop/Tiago/LSD/Projeto/JogoNormal/PointsFSM.vhd Line: 37
Warning (13024): Output pins are stuck at VCC or GND
    Warning (13410): Pin "HEX0[0]" is stuck at GND File: C:/Users/Tiago Fonseca/OneDrive - Universidade de Aveiro/Desktop/Tiago/LSD/Projeto/JogoNormal/JogoNormal.vhd Line: 9
    Warning (13410): Pin "HEX0[1]" is stuck at GND File: C:/Users/Tiago Fonseca/OneDrive - Universidade de Aveiro/Desktop/Tiago/LSD/Projeto/JogoNormal/JogoNormal.vhd Line: 9
    Warning (13410): Pin "HEX0[2]" is stuck at GND File: C:/Users/Tiago Fonseca/OneDrive - Universidade de Aveiro/Desktop/Tiago/LSD/Projeto/JogoNormal/JogoNormal.vhd Line: 9
    Warning (13410): Pin "HEX0[3]" is stuck at GND File: C:/Users/Tiago Fonseca/OneDrive - Universidade de Aveiro/Desktop/Tiago/LSD/Projeto/JogoNormal/JogoNormal.vhd Line: 9
    Warning (13410): Pin "HEX0[4]" is stuck at GND File: C:/Users/Tiago Fonseca/OneDrive - Universidade de Aveiro/Desktop/Tiago/LSD/Projeto/JogoNormal/JogoNormal.vhd Line: 9
    Warning (13410): Pin "HEX0[5]" is stuck at GND File: C:/Users/Tiago Fonseca/OneDrive - Universidade de Aveiro/Desktop/Tiago/LSD/Projeto/JogoNormal/JogoNormal.vhd Line: 9
    Warning (13410): Pin "HEX0[6]" is stuck at VCC File: C:/Users/Tiago Fonseca/OneDrive - Universidade de Aveiro/Desktop/Tiago/LSD/Projeto/JogoNormal/JogoNormal.vhd Line: 9
    Warning (13410): Pin "HEX1[0]" is stuck at GND File: C:/Users/Tiago Fonseca/OneDrive - Universidade de Aveiro/Desktop/Tiago/LSD/Projeto/JogoNormal/JogoNormal.vhd Line: 10
    Warning (13410): Pin "HEX1[1]" is stuck at GND File: C:/Users/Tiago Fonseca/OneDrive - Universidade de Aveiro/Desktop/Tiago/LSD/Projeto/JogoNormal/JogoNormal.vhd Line: 10
    Warning (13410): Pin "HEX1[2]" is stuck at GND File: C:/Users/Tiago Fonseca/OneDrive - Universidade de Aveiro/Desktop/Tiago/LSD/Projeto/JogoNormal/JogoNormal.vhd Line: 10
    Warning (13410): Pin "HEX1[3]" is stuck at GND File: C:/Users/Tiago Fonseca/OneDrive - Universidade de Aveiro/Desktop/Tiago/LSD/Projeto/JogoNormal/JogoNormal.vhd Line: 10
    Warning (13410): Pin "HEX1[4]" is stuck at GND File: C:/Users/Tiago Fonseca/OneDrive - Universidade de Aveiro/Desktop/Tiago/LSD/Projeto/JogoNormal/JogoNormal.vhd Line: 10
    Warning (13410): Pin "HEX1[5]" is stuck at GND File: C:/Users/Tiago Fonseca/OneDrive - Universidade de Aveiro/Desktop/Tiago/LSD/Projeto/JogoNormal/JogoNormal.vhd Line: 10
    Warning (13410): Pin "HEX1[6]" is stuck at VCC File: C:/Users/Tiago Fonseca/OneDrive - Universidade de Aveiro/Desktop/Tiago/LSD/Projeto/JogoNormal/JogoNormal.vhd Line: 10
    Warning (13410): Pin "HEX4[0]" is stuck at GND File: C:/Users/Tiago Fonseca/OneDrive - Universidade de Aveiro/Desktop/Tiago/LSD/Projeto/JogoNormal/JogoNormal.vhd Line: 11
    Warning (13410): Pin "HEX4[1]" is stuck at GND File: C:/Users/Tiago Fonseca/OneDrive - Universidade de Aveiro/Desktop/Tiago/LSD/Projeto/JogoNormal/JogoNormal.vhd Line: 11
    Warning (13410): Pin "HEX4[2]" is stuck at GND File: C:/Users/Tiago Fonseca/OneDrive - Universidade de Aveiro/Desktop/Tiago/LSD/Projeto/JogoNormal/JogoNormal.vhd Line: 11
    Warning (13410): Pin "HEX4[3]" is stuck at GND File: C:/Users/Tiago Fonseca/OneDrive - Universidade de Aveiro/Desktop/Tiago/LSD/Projeto/JogoNormal/JogoNormal.vhd Line: 11
    Warning (13410): Pin "HEX4[4]" is stuck at GND File: C:/Users/Tiago Fonseca/OneDrive - Universidade de Aveiro/Desktop/Tiago/LSD/Projeto/JogoNormal/JogoNormal.vhd Line: 11
    Warning (13410): Pin "HEX4[5]" is stuck at GND File: C:/Users/Tiago Fonseca/OneDrive - Universidade de Aveiro/Desktop/Tiago/LSD/Projeto/JogoNormal/JogoNormal.vhd Line: 11
    Warning (13410): Pin "HEX4[6]" is stuck at VCC File: C:/Users/Tiago Fonseca/OneDrive - Universidade de Aveiro/Desktop/Tiago/LSD/Projeto/JogoNormal/JogoNormal.vhd Line: 11
    Warning (13410): Pin "HEX5[0]" is stuck at GND File: C:/Users/Tiago Fonseca/OneDrive - Universidade de Aveiro/Desktop/Tiago/LSD/Projeto/JogoNormal/JogoNormal.vhd Line: 12
    Warning (13410): Pin "HEX5[1]" is stuck at GND File: C:/Users/Tiago Fonseca/OneDrive - Universidade de Aveiro/Desktop/Tiago/LSD/Projeto/JogoNormal/JogoNormal.vhd Line: 12
    Warning (13410): Pin "HEX5[2]" is stuck at GND File: C:/Users/Tiago Fonseca/OneDrive - Universidade de Aveiro/Desktop/Tiago/LSD/Projeto/JogoNormal/JogoNormal.vhd Line: 12
    Warning (13410): Pin "HEX5[3]" is stuck at GND File: C:/Users/Tiago Fonseca/OneDrive - Universidade de Aveiro/Desktop/Tiago/LSD/Projeto/JogoNormal/JogoNormal.vhd Line: 12
    Warning (13410): Pin "HEX5[4]" is stuck at GND File: C:/Users/Tiago Fonseca/OneDrive - Universidade de Aveiro/Desktop/Tiago/LSD/Projeto/JogoNormal/JogoNormal.vhd Line: 12
    Warning (13410): Pin "HEX5[5]" is stuck at GND File: C:/Users/Tiago Fonseca/OneDrive - Universidade de Aveiro/Desktop/Tiago/LSD/Projeto/JogoNormal/JogoNormal.vhd Line: 12
    Warning (13410): Pin "HEX5[6]" is stuck at VCC File: C:/Users/Tiago Fonseca/OneDrive - Universidade de Aveiro/Desktop/Tiago/LSD/Projeto/JogoNormal/JogoNormal.vhd Line: 12
    Warning (13410): Pin "HEX6[0]" is stuck at GND File: C:/Users/Tiago Fonseca/OneDrive - Universidade de Aveiro/Desktop/Tiago/LSD/Projeto/JogoNormal/JogoNormal.vhd Line: 13
    Warning (13410): Pin "HEX6[1]" is stuck at GND File: C:/Users/Tiago Fonseca/OneDrive - Universidade de Aveiro/Desktop/Tiago/LSD/Projeto/JogoNormal/JogoNormal.vhd Line: 13
    Warning (13410): Pin "HEX6[2]" is stuck at GND File: C:/Users/Tiago Fonseca/OneDrive - Universidade de Aveiro/Desktop/Tiago/LSD/Projeto/JogoNormal/JogoNormal.vhd Line: 13
    Warning (13410): Pin "HEX6[3]" is stuck at GND File: C:/Users/Tiago Fonseca/OneDrive - Universidade de Aveiro/Desktop/Tiago/LSD/Projeto/JogoNormal/JogoNormal.vhd Line: 13
    Warning (13410): Pin "HEX6[4]" is stuck at GND File: C:/Users/Tiago Fonseca/OneDrive - Universidade de Aveiro/Desktop/Tiago/LSD/Projeto/JogoNormal/JogoNormal.vhd Line: 13
    Warning (13410): Pin "HEX6[5]" is stuck at GND File: C:/Users/Tiago Fonseca/OneDrive - Universidade de Aveiro/Desktop/Tiago/LSD/Projeto/JogoNormal/JogoNormal.vhd Line: 13
    Warning (13410): Pin "HEX6[6]" is stuck at VCC File: C:/Users/Tiago Fonseca/OneDrive - Universidade de Aveiro/Desktop/Tiago/LSD/Projeto/JogoNormal/JogoNormal.vhd Line: 13
    Warning (13410): Pin "HEX7[0]" is stuck at GND File: C:/Users/Tiago Fonseca/OneDrive - Universidade de Aveiro/Desktop/Tiago/LSD/Projeto/JogoNormal/JogoNormal.vhd Line: 14
    Warning (13410): Pin "HEX7[1]" is stuck at GND File: C:/Users/Tiago Fonseca/OneDrive - Universidade de Aveiro/Desktop/Tiago/LSD/Projeto/JogoNormal/JogoNormal.vhd Line: 14
    Warning (13410): Pin "HEX7[2]" is stuck at GND File: C:/Users/Tiago Fonseca/OneDrive - Universidade de Aveiro/Desktop/Tiago/LSD/Projeto/JogoNormal/JogoNormal.vhd Line: 14
    Warning (13410): Pin "HEX7[3]" is stuck at GND File: C:/Users/Tiago Fonseca/OneDrive - Universidade de Aveiro/Desktop/Tiago/LSD/Projeto/JogoNormal/JogoNormal.vhd Line: 14
    Warning (13410): Pin "HEX7[4]" is stuck at GND File: C:/Users/Tiago Fonseca/OneDrive - Universidade de Aveiro/Desktop/Tiago/LSD/Projeto/JogoNormal/JogoNormal.vhd Line: 14
    Warning (13410): Pin "HEX7[5]" is stuck at GND File: C:/Users/Tiago Fonseca/OneDrive - Universidade de Aveiro/Desktop/Tiago/LSD/Projeto/JogoNormal/JogoNormal.vhd Line: 14
    Warning (13410): Pin "HEX7[6]" is stuck at VCC File: C:/Users/Tiago Fonseca/OneDrive - Universidade de Aveiro/Desktop/Tiago/LSD/Projeto/JogoNormal/JogoNormal.vhd Line: 14
Info (17049): 50 registers lost all their fanouts during netlist optimizations.
Info (16010): Generating hard_block partition "hard_block:auto_generated_inst"
    Info (16011): Adding 0 node(s), including 0 DDIO, 0 PLL, 0 transceiver and 0 LCELL
Warning (21074): Design contains 6 input pin(s) that do not drive logic
    Warning (15610): No output dependent on input pin "KEY[0]" File: C:/Users/Tiago Fonseca/OneDrive - Universidade de Aveiro/Desktop/Tiago/LSD/Projeto/JogoNormal/JogoNormal.vhd Line: 6
    Warning (15610): No output dependent on input pin "KEY[1]" File: C:/Users/Tiago Fonseca/OneDrive - Universidade de Aveiro/Desktop/Tiago/LSD/Projeto/JogoNormal/JogoNormal.vhd Line: 6
    Warning (15610): No output dependent on input pin "KEY[2]" File: C:/Users/Tiago Fonseca/OneDrive - Universidade de Aveiro/Desktop/Tiago/LSD/Projeto/JogoNormal/JogoNormal.vhd Line: 6
    Warning (15610): No output dependent on input pin "KEY[3]" File: C:/Users/Tiago Fonseca/OneDrive - Universidade de Aveiro/Desktop/Tiago/LSD/Projeto/JogoNormal/JogoNormal.vhd Line: 6
    Warning (15610): No output dependent on input pin "CLOCK_50" File: C:/Users/Tiago Fonseca/OneDrive - Universidade de Aveiro/Desktop/Tiago/LSD/Projeto/JogoNormal/JogoNormal.vhd Line: 7
    Warning (15610): No output dependent on input pin "SW[0]" File: C:/Users/Tiago Fonseca/OneDrive - Universidade de Aveiro/Desktop/Tiago/LSD/Projeto/JogoNormal/JogoNormal.vhd Line: 8
Info (21057): Implemented 48 device resources after synthesis - the final resource count might be different
    Info (21058): Implemented 6 input pins
    Info (21059): Implemented 42 output pins
Info: Quartus Prime Analysis & Synthesis was successful. 0 errors, 77 warnings
    Info: Peak virtual memory: 4787 megabytes
    Info: Processing ended: Mon Jun 13 17:21:11 2022
    Info: Elapsed time: 00:00:06
    Info: Total CPU time (on all processors): 00:00:16


